// Jest Snapshot v1, https://goo.gl/fbAQLP

exports[`PokeStats Should render Bulbasaur component 1`] = `
Object {
  "asFragment": [Function],
  "baseElement": <body>
    <div>
      <div>
        <div
          class="nes-table-responsive"
          style="display: flex; justify-content: center;"
        >
          <table
            class="nes-table is-bordered"
          >
            <tbody>
              <tr>
                <td>
                  Name
                </td>
                <td>
                  bulbasaur
                </td>
                <td
                  rowspan="5"
                  style="border-bottom-width: 0; border-left-width: 4px;"
                >
                  <img
                    src="https://raw.githubusercontent.com/PokeAPI/sprites/master/sprites/pokemon/1.png"
                  />
                </td>
              </tr>
              <tr>
                <td>
                  Abilities
                </td>
                <td>
                  <div>
                    chlorophyll
                  </div>
                  <div>
                    overgrow
                  </div>
                </td>
              </tr>
              <tr>
                <td>
                  Height
                </td>
                <td>
                  7
                  m
                </td>
              </tr>
              <tr>
                <td>
                  Types
                </td>
                <td>
                  <div
                    class="power-emojis"
                  >
                    üíÄ
                  </div>
                  <div
                    class="power-emojis"
                  >
                    üçÉ
                  </div>
                </td>
              </tr>
              <tr>
                <td>
                  Weight
                </td>
                <td>
                  69
                  kg
                </td>
              </tr>
            </tbody>
          </table>
        </div>
      </div>
    </div>
  </body>,
  "container": <div>
    <div>
      <div
        class="nes-table-responsive"
        style="display: flex; justify-content: center;"
      >
        <table
          class="nes-table is-bordered"
        >
          <tbody>
            <tr>
              <td>
                Name
              </td>
              <td>
                bulbasaur
              </td>
              <td
                rowspan="5"
                style="border-bottom-width: 0; border-left-width: 4px;"
              >
                <img
                  src="https://raw.githubusercontent.com/PokeAPI/sprites/master/sprites/pokemon/1.png"
                />
              </td>
            </tr>
            <tr>
              <td>
                Abilities
              </td>
              <td>
                <div>
                  chlorophyll
                </div>
                <div>
                  overgrow
                </div>
              </td>
            </tr>
            <tr>
              <td>
                Height
              </td>
              <td>
                7
                m
              </td>
            </tr>
            <tr>
              <td>
                Types
              </td>
              <td>
                <div
                  class="power-emojis"
                >
                  üíÄ
                </div>
                <div
                  class="power-emojis"
                >
                  üçÉ
                </div>
              </td>
            </tr>
            <tr>
              <td>
                Weight
              </td>
              <td>
                69
                kg
              </td>
            </tr>
          </tbody>
        </table>
      </div>
    </div>
  </div>,
  "debug": [Function],
  "findAllByAltText": [Function],
  "findAllByDisplayValue": [Function],
  "findAllByLabelText": [Function],
  "findAllByPlaceholderText": [Function],
  "findAllByRole": [Function],
  "findAllByTestId": [Function],
  "findAllByText": [Function],
  "findAllByTitle": [Function],
  "findByAltText": [Function],
  "findByDisplayValue": [Function],
  "findByLabelText": [Function],
  "findByPlaceholderText": [Function],
  "findByRole": [Function],
  "findByTestId": [Function],
  "findByText": [Function],
  "findByTitle": [Function],
  "getAllByAltText": [Function],
  "getAllByDisplayValue": [Function],
  "getAllByLabelText": [Function],
  "getAllByPlaceholderText": [Function],
  "getAllByRole": [Function],
  "getAllByTestId": [Function],
  "getAllByText": [Function],
  "getAllByTitle": [Function],
  "getByAltText": [Function],
  "getByDisplayValue": [Function],
  "getByLabelText": [Function],
  "getByPlaceholderText": [Function],
  "getByRole": [Function],
  "getByTestId": [Function],
  "getByText": [Function],
  "getByTitle": [Function],
  "queryAllByAltText": [Function],
  "queryAllByDisplayValue": [Function],
  "queryAllByLabelText": [Function],
  "queryAllByPlaceholderText": [Function],
  "queryAllByRole": [Function],
  "queryAllByTestId": [Function],
  "queryAllByText": [Function],
  "queryAllByTitle": [Function],
  "queryByAltText": [Function],
  "queryByDisplayValue": [Function],
  "queryByLabelText": [Function],
  "queryByPlaceholderText": [Function],
  "queryByRole": [Function],
  "queryByTestId": [Function],
  "queryByText": [Function],
  "queryByTitle": [Function],
  "rerender": [Function],
  "unmount": [Function],
}
`;
